

================================================================
== Vitis HLS Report for 'forward_7'
================================================================
* Date:           Wed Feb 25 16:06:21 2026

* Version:        2025.1 (Build 6135595 on May 21 2025)
* Project:        unet_pvm_top
* Solution:       hls (Vivado IP Flow Target)
* Product family: zynquplus
* Target device:  xck26-sfvc784-2LV-c


================================================================
== Performance Estimates
================================================================
+ Timing: 
    * Summary: 
    +--------+---------+----------+------------+
    |  Clock |  Target | Estimated| Uncertainty|
    +--------+---------+----------+------------+
    |ap_clk  |  5.00 ns|  4.376 ns|     0.50 ns|
    +--------+---------+----------+------------+

+ Latency: 
    * Summary: 
    +---------+---------+----------+----------+------+------+------------------------------------------------+
    |  Latency (cycles) |  Latency (absolute) |   Interval  |                    Pipeline                    |
    |   min   |   max   |    min   |    max   |  min |  max |                      Type                      |
    +---------+---------+----------+----------+------+------+------------------------------------------------+
    |     1034|     1034|  5.170 us|  5.170 us|  1031|  1031|  loop auto-rewind stp (delay=5 clock cycles(s))|
    +---------+---------+----------+----------+------+------+------------------------------------------------+

    + Detail: 
        * Instance: 
        N/A

        * Loop: 
        +-----------------------------------+---------+---------+----------+-----------+-----------+------+----------+
        |                                   |  Latency (cycles) | Iteration|  Initiation Interval  | Trip |          |
        |             Loop Name             |   min   |   max   |  Latency |  achieved |   target  | Count| Pipelined|
        +-----------------------------------+---------+---------+----------+-----------+-----------+------+----------+
        |- VITIS_LOOP_21_2_VITIS_LOOP_28_3  |     1032|     1032|        11|          2|          1|   512|       yes|
        +-----------------------------------+---------+---------+----------+-----------+-----------+------+----------+



================================================================
== Utilization Estimates
================================================================
* Summary: 
+-----------------+---------+------+--------+--------+-----+
|       Name      | BRAM_18K|  DSP |   FF   |   LUT  | URAM|
+-----------------+---------+------+--------+--------+-----+
|DSP              |        -|     -|       -|       -|    -|
|Expression       |        -|     -|       0|     811|    -|
|FIFO             |        -|     -|       -|       -|    -|
|Instance         |        -|     6|       0|     273|    -|
|Memory           |        2|     -|       0|       0|    -|
|Multiplexer      |        -|     -|       0|     298|    -|
|Register         |        -|     -|    1500|     192|    -|
+-----------------+---------+------+--------+--------+-----+
|Total            |        2|     6|    1500|    1574|    0|
+-----------------+---------+------+--------+--------+-----+
|Available        |      288|  1248|  234240|  117120|   64|
+-----------------+---------+------+--------+--------+-----+
|Utilization (%)  |       ~0|    ~0|      ~0|       1|    0|
+-----------------+---------+------+--------+--------+-----+

+ Detail: 
    * Instance: 
    +-----------------------------+------------------------+---------+----+---+----+-----+
    |           Instance          |         Module         | BRAM_18K| DSP| FF| LUT| URAM|
    +-----------------------------+------------------------+---------+----+---+----+-----+
    |mul_18s_12s_30_1_1_U255      |mul_18s_12s_30_1_1      |        0|   1|  0|   5|    0|
    |mul_18s_18s_36_1_1_U252      |mul_18s_18s_36_1_1      |        0|   1|  0|   5|    0|
    |mul_18s_18s_36_1_1_U258      |mul_18s_18s_36_1_1      |        0|   1|  0|   5|    0|
    |mul_18s_18s_36_1_1_U259      |mul_18s_18s_36_1_1      |        0|   1|  0|   5|    0|
    |mul_36s_18s_52_1_1_U249      |mul_36s_18s_52_1_1      |        0|   2|  0|  24|    0|
    |sparsemux_17_3_18_1_1_U250   |sparsemux_17_3_18_1_1   |        0|   0|  0|  43|    0|
    |sparsemux_17_3_18_1_1_U251   |sparsemux_17_3_18_1_1   |        0|   0|  0|  43|    0|
    |sparsemux_17_3_18_1_1_U253   |sparsemux_17_3_18_1_1   |        0|   0|  0|  43|    0|
    |sparsemux_17_3_18_1_1_U254   |sparsemux_17_3_18_1_1   |        0|   0|  0|  43|    0|
    |sparsemux_17_3_18_1_1_U257   |sparsemux_17_3_18_1_1   |        0|   0|  0|  43|    0|
    |sparsemux_9_3_18_1_1_x_U256  |sparsemux_9_3_18_1_1_x  |        0|   0|  0|  14|    0|
    +-----------------------------+------------------------+---------+----+---+----+-----+
    |Total                        |                        |        0|   6|  0| 273|    0|
    +-----------------------------+------------------------+---------+----+---+----+-----+

    * DSP: 
    N/A

    * Memory: 
    +---------------------------------------------------+--------------------------------------------------------------------------+---------+---+----+-----+------+-----+------+-------------+
    |                       Memory                      |                                  Module                                  | BRAM_18K| FF| LUT| URAM| Words| Bits| Banks| W*Bits*Banks|
    +---------------------------------------------------+--------------------------------------------------------------------------+---------+---+----+-----+------+-----+------+-------------+
    |exp_lut_approx_ap_fixed_18_8_0_0_0_lut_values4_U   |forward_7_exp_lut_approx_ap_fixed_18_8_0_0_0_lut_values4_ROM_1P_BRAM_1R   |        1|  0|   0|    0|     9|   11|     1|           99|
    |exp_lut_approx_ap_fixed_18_8_0_0_0_lut_values_1_U  |forward_7_exp_lut_approx_ap_fixed_18_8_0_0_0_lut_values_1_ROM_1P_BRAM_1R  |        1|  0|   0|    0|     9|   10|     1|           90|
    +---------------------------------------------------+--------------------------------------------------------------------------+---------+---+----+-----+------+-----+------+-------------+
    |Total                                              |                                                                          |        2|  0|   0|    0|    18|   21|     2|          189|
    +---------------------------------------------------+--------------------------------------------------------------------------+---------+---+----+-----+------+-----+------+-------------+

    * FIFO: 
    N/A

    * Expression: 
    +----------------------------------------+----------+----+---+----+------------+------------+
    |              Variable Name             | Operation| DSP| FF| LUT| Bitwidth P0| Bitwidth P1|
    +----------------------------------------+----------+----+---+----+------------+------------+
    |add_ln21_fu_770_p2                      |         +|   0|  0|  17|          10|           1|
    |add_ln28_fu_1352_p2                     |         +|   0|  0|  13|           6|           1|
    |add_ln31_fu_1666_p2                     |         +|   0|  0|  12|           5|           1|
    |add_ln33_fu_1915_p2                     |         +|   0|  0|  36|          29|          29|
    |add_ln41_fu_2198_p2                     |         +|   0|  0|  60|          53|          53|
    |add_ln46_fu_2636_p2                     |         +|   0|  0|  25|          18|          18|
    |decay_fu_1958_p2                        |         +|   0|  0|  25|          18|          18|
    |next_state_1_fu_2242_p2                 |         +|   0|  0|  25|          18|          18|
    |sub_ln28_fu_1606_p2                     |         -|   0|  0|  26|          19|          19|
    |sub_ln33_fu_1881_p2                     |         -|   0|  0|  19|          12|          12|
    |and_ln20_fu_2045_p2                     |       and|   0|  0|   2|           1|           1|
    |and_ln28_fu_1638_p2                     |       and|   0|  0|   2|           1|           1|
    |and_ln33_1_fu_2021_p2                   |       and|   0|  0|   2|           1|           1|
    |and_ln33_2_fu_2060_p2                   |       and|   0|  0|   2|           1|           1|
    |and_ln33_fu_2004_p2                     |       and|   0|  0|   2|           1|           1|
    |and_ln41_1_fu_2328_p2                   |       and|   0|  0|   2|           1|           1|
    |and_ln41_2_fu_2342_p2                   |       and|   0|  0|   2|           1|           1|
    |and_ln41_3_fu_2366_p2                   |       and|   0|  0|   2|           1|           1|
    |and_ln41_4_fu_2372_p2                   |       and|   0|  0|   2|           1|           1|
    |and_ln41_5_fu_2390_p2                   |       and|   0|  0|   2|           1|           1|
    |and_ln41_fu_2262_p2                     |       and|   0|  0|   2|           1|           1|
    |and_ln46_1_fu_2718_p2                   |       and|   0|  0|   2|           1|           1|
    |and_ln46_2_fu_2732_p2                   |       and|   0|  0|   2|           1|           1|
    |and_ln46_3_fu_2756_p2                   |       and|   0|  0|   2|           1|           1|
    |and_ln46_4_fu_2762_p2                   |       and|   0|  0|   2|           1|           1|
    |and_ln46_5_fu_2780_p2                   |       and|   0|  0|   2|           1|           1|
    |and_ln46_fu_2656_p2                     |       and|   0|  0|   2|           1|           1|
    |ap_block_pp0_stage0_11001_grp0          |       and|   0|  0|   2|           1|           1|
    |ap_block_state11_pp0_stage0_iter5_grp2  |       and|   0|  0|   2|           1|           1|
    |ap_block_state2_pp0_stage1_iter0_grp1   |       and|   0|  0|   2|           1|           1|
    |ap_condition_694                        |       and|   0|  0|   2|           1|           1|
    |ap_predicate_op154_read_state2          |       and|   0|  0|   2|           1|           1|
    |ap_predicate_pred1030_state9            |       and|   0|  0|   2|           1|           1|
    |ap_predicate_pred780_state9             |       and|   0|  0|   2|           1|           1|
    |ap_predicate_pred789_state9             |       and|   0|  0|   2|           1|           1|
    |ap_predicate_pred798_state9             |       and|   0|  0|   2|           1|           1|
    |ap_predicate_pred807_state9             |       and|   0|  0|   2|           1|           1|
    |ap_predicate_pred816_state9             |       and|   0|  0|   2|           1|           1|
    |ap_predicate_pred825_state9             |       and|   0|  0|   2|           1|           1|
    |ap_predicate_pred834_state9             |       and|   0|  0|   2|           1|           1|
    |ap_predicate_pred843_state9             |       and|   0|  0|   2|           1|           1|
    |ap_predicate_pred852_state9             |       and|   0|  0|   2|           1|           1|
    |ap_predicate_pred861_state9             |       and|   0|  0|   2|           1|           1|
    |ap_predicate_pred870_state9             |       and|   0|  0|   2|           1|           1|
    |ap_predicate_pred879_state9             |       and|   0|  0|   2|           1|           1|
    |ap_predicate_pred888_state9             |       and|   0|  0|   2|           1|           1|
    |ap_predicate_pred897_state9             |       and|   0|  0|   2|           1|           1|
    |ap_predicate_pred906_state9             |       and|   0|  0|   2|           1|           1|
    |ap_predicate_pred915_state9             |       and|   0|  0|   2|           1|           1|
    |ap_predicate_pred924_state9             |       and|   0|  0|   2|           1|           1|
    |ap_predicate_pred933_state9             |       and|   0|  0|   2|           1|           1|
    |ap_predicate_pred942_state9             |       and|   0|  0|   2|           1|           1|
    |ap_predicate_pred951_state9             |       and|   0|  0|   2|           1|           1|
    |ap_predicate_pred960_state9             |       and|   0|  0|   2|           1|           1|
    |ap_predicate_pred969_state9             |       and|   0|  0|   2|           1|           1|
    |ap_predicate_pred978_state9             |       and|   0|  0|   2|           1|           1|
    |first_iter_0_fu_793_p2                  |      icmp|   0|  0|  13|           6|           1|
    |icmp_ln20_fu_1502_p2                    |      icmp|   0|  0|  25|          18|          14|
    |icmp_ln21_fu_764_p2                     |      icmp|   0|  0|  18|          10|          11|
    |icmp_ln28_1_fu_1357_p2                  |      icmp|   0|  0|  14|           6|           7|
    |icmp_ln28_fu_779_p2                     |      icmp|   0|  0|  14|           6|           7|
    |icmp_ln31_fu_817_p2                     |      icmp|   0|  0|  10|           3|           1|
    |icmp_ln41_1_fu_2302_p2                  |      icmp|   0|  0|  22|          15|           2|
    |icmp_ln41_2_fu_2308_p2                  |      icmp|   0|  0|  22|          15|           1|
    |icmp_ln41_fu_2286_p2                    |      icmp|   0|  0|  21|          14|           2|
    |icmp_ln46_1_fu_2692_p2                  |      icmp|   0|  0|  15|           8|           2|
    |icmp_ln46_2_fu_2698_p2                  |      icmp|   0|  0|  15|           8|           1|
    |icmp_ln46_fu_2678_p2                    |      icmp|   0|  0|  14|           7|           2|
    |ap_block_pp0_stage0_01001_grp2          |        or|   0|  0|   2|           1|           1|
    |ap_block_pp0_stage1_11001               |        or|   0|  0|   2|           1|           1|
    |or_ln20_fu_2050_p2                      |        or|   0|  0|   2|           1|           1|
    |or_ln33_1_fu_2026_p2                    |        or|   0|  0|   2|           1|           1|
    |or_ln33_2_fu_1976_p2                    |        or|   0|  0|   2|           1|           1|
    |or_ln33_3_fu_2010_p2                    |        or|   0|  0|   2|           1|           1|
    |or_ln33_fu_1998_p2                      |        or|   0|  0|   2|           1|           1|
    |or_ln41_1_fu_2378_p2                    |        or|   0|  0|   2|           1|           1|
    |or_ln41_2_fu_2404_p2                    |        or|   0|  0|   2|           1|           1|
    |or_ln41_fu_2354_p2                      |        or|   0|  0|   2|           1|           1|
    |or_ln46_1_fu_2786_p2                    |        or|   0|  0|   2|           1|           1|
    |or_ln46_2_fu_2768_p2                    |        or|   0|  0|   2|           1|           1|
    |or_ln46_fu_2744_p2                      |        or|   0|  0|   2|           1|           1|
    |decay_1_fu_2075_p6                      |    select|   0|  0|  18|           1|          17|
    |frac_1_fu_1658_p3                       |    select|   0|  0|  17|           1|          18|
    |next_state_2_fu_2410_p3                 |    select|   0|  0|  17|           1|          18|
    |out_vec_32_fu_2799_p3                   |    select|   0|  0|  17|           1|          18|
    |scaled_1_fu_1522_p3                     |    select|   0|  0|  17|           1|          17|
    |select_ln21_fu_785_p3                   |    select|   0|  0|   6|           1|           1|
    |select_ln28_1_fu_1650_p3                |    select|   0|  0|  18|           1|          17|
    |select_ln28_fu_1590_p3                  |    select|   0|  0|  18|           1|          19|
    |select_ln41_1_fu_2334_p3                |    select|   0|  0|   2|           1|           1|
    |select_ln41_2_fu_2396_p3                |    select|   0|  0|  18|           1|          17|
    |select_ln41_fu_2314_p3                  |    select|   0|  0|   2|           1|           1|
    |select_ln46_1_fu_2724_p3                |    select|   0|  0|   2|           1|           1|
    |select_ln46_2_fu_2792_p3                |    select|   0|  0|  18|           1|          17|
    |select_ln46_fu_2704_p3                  |    select|   0|  0|   2|           1|           1|
    |y0_fu_1843_p3                           |    select|   0|  0|  10|           1|          11|
    |y1_fu_1868_p3                           |    select|   0|  0|  10|           1|          11|
    |ap_enable_pp0                           |       xor|   0|  0|   2|           1|           2|
    |xor_ln19_fu_2040_p2                     |       xor|   0|  0|   2|           1|           2|
    |xor_ln20_fu_2054_p2                     |       xor|   0|  0|   2|           1|           2|
    |xor_ln28_1_fu_1644_p2                   |       xor|   0|  0|   2|           1|           1|
    |xor_ln28_fu_1632_p2                     |       xor|   0|  0|   2|           1|           2|
    |xor_ln33_1_fu_1982_p2                   |       xor|   0|  0|   2|           1|           2|
    |xor_ln33_2_fu_1987_p2                   |       xor|   0|  0|   2|           1|           2|
    |xor_ln33_3_fu_1992_p2                   |       xor|   0|  0|   2|           1|           1|
    |xor_ln33_4_fu_2015_p2                   |       xor|   0|  0|   2|           1|           2|
    |xor_ln33_fu_1971_p2                     |       xor|   0|  0|   2|           1|           2|
    |xor_ln41_1_fu_2322_p2                   |       xor|   0|  0|   2|           1|           2|
    |xor_ln41_2_fu_2348_p2                   |       xor|   0|  0|   2|           1|           2|
    |xor_ln41_3_fu_2360_p2                   |       xor|   0|  0|   2|           1|           2|
    |xor_ln41_4_fu_2384_p2                   |       xor|   0|  0|   2|           1|           2|
    |xor_ln41_fu_2256_p2                     |       xor|   0|  0|   2|           1|           2|
    |xor_ln46_1_fu_2712_p2                   |       xor|   0|  0|   2|           1|           2|
    |xor_ln46_2_fu_2738_p2                   |       xor|   0|  0|   2|           1|           2|
    |xor_ln46_3_fu_2750_p2                   |       xor|   0|  0|   2|           1|           2|
    |xor_ln46_4_fu_2774_p2                   |       xor|   0|  0|   2|           1|           2|
    |xor_ln46_fu_2650_p2                     |       xor|   0|  0|   2|           1|           2|
    +----------------------------------------+----------+----+---+----+------------+------------+
    |Total                                   |          |   0|  0| 811|         399|         503|
    +----------------------------------------+----------+----+---+----+------------+------------+

    * Multiplexer: 
    +----------------------------------------------------------------+----+-----------+-----+-----------+
    |                              Name                              | LUT| Input Size| Bits| Total Bits|
    +----------------------------------------------------------------+----+-----------+-----+-----------+
    |ap_NS_fsm                                                       |  14|          3|    1|          3|
    |ap_condition_exit_pp0_iter0_stage1_pp0_iter1_reg                |   9|          2|    1|          2|
    |ap_condition_exit_pp0_iter0_stage1_pp0_iter2_reg                |   9|          2|    1|          2|
    |ap_done_int                                                     |   9|          2|    1|          2|
    |ap_enable_reg_pp0_iter0                                         |   9|          2|    1|          2|
    |ap_enable_reg_pp0_iter1                                         |   9|          2|    1|          2|
    |ap_enable_reg_pp0_iter5                                         |   9|          2|    1|          2|
    |ap_loop_exit_ready_pp0_iter1_reg                                |   9|          2|    1|          2|
    |ap_loop_exit_ready_pp0_iter2_reg                                |   9|          2|    1|          2|
    |ap_loop_exit_ready_pp0_iter3_reg                                |   9|          2|    1|          2|
    |ap_loop_exit_ready_pp0_iter4_reg                                |   9|          2|    1|          2|
    |ap_sig_allocacmp_d_load                                         |   9|          2|    6|         12|
    |ap_sig_allocacmp_indvar_flatten_load                            |   9|          2|   10|         20|
    |d_fu_380                                                        |   9|          2|    6|         12|
    |exp_lut_approx_ap_fixed_18_8_0_0_0_lut_values4_address0_local   |  14|          3|    4|         12|
    |exp_lut_approx_ap_fixed_18_8_0_0_0_lut_values_1_address0_local  |  14|          3|    4|         12|
    |forward_int_stream_S6Params_0_stream_PixelVec_0_state_25_o      |  14|          3|   18|         54|
    |forward_int_stream_S6Params_0_stream_PixelVec_0_state_26_o      |  14|          3|   18|         54|
    |forward_int_stream_S6Params_0_stream_PixelVec_0_state_27_o      |  14|          3|   18|         54|
    |forward_int_stream_S6Params_0_stream_PixelVec_0_state_28_o      |  14|          3|   18|         54|
    |forward_int_stream_S6Params_0_stream_PixelVec_0_state_29_o      |  14|          3|   18|         54|
    |forward_int_stream_S6Params_0_stream_PixelVec_0_state_30_o      |  14|          3|   18|         54|
    |forward_int_stream_S6Params_0_stream_PixelVec_0_state_31_o      |  14|          3|   18|         54|
    |forward_int_stream_S6Params_0_stream_PixelVec_0_state_o         |  14|          3|   18|         54|
    |indvar_flatten_fu_384                                           |   9|          2|   10|         20|
    |s_params_fwd_blk_n                                              |   9|          2|    1|          2|
    |s_ssm_out_blk_n                                                 |   9|          2|    1|          2|
    +----------------------------------------------------------------+----+-----------+-----+-----------+
    |Total                                                           | 298|         65|  197|        547|
    +----------------------------------------------------------------+----+-----------+-----+-----------+

    * Register: 
    +--------------------------------------------------+----+----+-----+-----------+
    |                       Name                       | FF | LUT| Bits| Const Bits|
    +--------------------------------------------------+----+----+-----+-----------+
    |add_ln46_reg_3551                                 |  18|   0|   18|          0|
    |and_ln46_3_reg_3556                               |   1|   0|    1|          0|
    |ap_CS_fsm                                         |   2|   0|    2|          0|
    |ap_block_pp0_stage0_subdone_grp0_done_reg         |   1|   0|    1|          0|
    |ap_block_pp0_stage0_subdone_grp0_done_reg_iter0   |   1|   0|    1|          0|
    |ap_block_pp0_stage1_subdone_grp0_done_reg         |   1|   0|    1|          0|
    |ap_condition_exit_pp0_iter0_stage1_pp0_iter1_reg  |   1|   0|    1|          0|
    |ap_condition_exit_pp0_iter0_stage1_pp0_iter2_reg  |   1|   0|    1|          0|
    |ap_done_reg                                       |   1|   0|    1|          0|
    |ap_enable_reg_pp0_iter0_reg                       |   1|   0|    1|          0|
    |ap_enable_reg_pp0_iter1                           |   1|   0|    1|          0|
    |ap_enable_reg_pp0_iter2                           |   1|   0|    1|          0|
    |ap_enable_reg_pp0_iter3                           |   1|   0|    1|          0|
    |ap_enable_reg_pp0_iter4                           |   1|   0|    1|          0|
    |ap_enable_reg_pp0_iter5                           |   1|   0|    1|          0|
    |ap_loop_exit_ready_pp0_iter1_reg                  |   1|   0|    1|          0|
    |ap_loop_exit_ready_pp0_iter2_reg                  |   1|   0|    1|          0|
    |ap_loop_exit_ready_pp0_iter3_reg                  |   1|   0|    1|          0|
    |ap_loop_exit_ready_pp0_iter4_reg                  |   1|   0|    1|          0|
    |ap_predicate_pred1030_state9                      |   1|   0|    1|          0|
    |ap_predicate_pred780_state9                       |   1|   0|    1|          0|
    |ap_predicate_pred789_state9                       |   1|   0|    1|          0|
    |ap_predicate_pred798_state9                       |   1|   0|    1|          0|
    |ap_predicate_pred807_state9                       |   1|   0|    1|          0|
    |ap_predicate_pred816_state9                       |   1|   0|    1|          0|
    |ap_predicate_pred825_state9                       |   1|   0|    1|          0|
    |ap_predicate_pred834_state9                       |   1|   0|    1|          0|
    |ap_predicate_pred843_state9                       |   1|   0|    1|          0|
    |ap_predicate_pred852_state9                       |   1|   0|    1|          0|
    |ap_predicate_pred861_state9                       |   1|   0|    1|          0|
    |ap_predicate_pred870_state9                       |   1|   0|    1|          0|
    |ap_predicate_pred879_state9                       |   1|   0|    1|          0|
    |ap_predicate_pred888_state9                       |   1|   0|    1|          0|
    |ap_predicate_pred897_state9                       |   1|   0|    1|          0|
    |ap_predicate_pred906_state9                       |   1|   0|    1|          0|
    |ap_predicate_pred915_state9                       |   1|   0|    1|          0|
    |ap_predicate_pred924_state9                       |   1|   0|    1|          0|
    |ap_predicate_pred933_state9                       |   1|   0|    1|          0|
    |ap_predicate_pred942_state9                       |   1|   0|    1|          0|
    |ap_predicate_pred951_state9                       |   1|   0|    1|          0|
    |ap_predicate_pred960_state9                       |   1|   0|    1|          0|
    |ap_predicate_pred969_state9                       |   1|   0|    1|          0|
    |ap_predicate_pred978_state9                       |   1|   0|    1|          0|
    |c_reg_3487                                        |  18|   0|   18|          0|
    |d_fu_380                                          |   6|   0|    6|          0|
    |first_iter_0_reg_3417                             |   1|   0|    1|          0|
    |frac_1_reg_3462                                   |  18|   0|   18|          0|
    |frac_1_reg_3462_pp0_iter2_reg                     |  18|   0|   18|          0|
    |icmp_ln20_reg_3450                                |   1|   0|    1|          0|
    |icmp_ln20_reg_3450_pp0_iter2_reg                  |   1|   0|    1|          0|
    |icmp_ln21_reg_3408                                |   1|   0|    1|          0|
    |icmp_ln28_1_reg_3439                              |   1|   0|    1|          0|
    |icmp_ln31_reg_3435                                |   1|   0|    1|          0|
    |indvar_flatten_fu_384                             |  10|   0|   10|          0|
    |lshr_ln3_reg_3477                                 |   4|   0|    4|          0|
    |mul_ln41_1_reg_3482                               |  36|   0|   36|          0|
    |mul_ln41_2_reg_3508                               |  52|   0|   52|          0|
    |mul_ln41_2_reg_3508_pp0_iter2_reg                 |  52|   0|   52|          0|
    |mul_ln41_reg_3541                                 |  36|   0|   36|          0|
    |next_state_2_reg_3546                             |  18|   0|   18|          0|
    |or_ln46_1_reg_3561                                |   1|   0|    1|          0|
    |out_vec_1_fu_392                                  |  18|   0|   18|          0|
    |out_vec_2_fu_396                                  |  18|   0|   18|          0|
    |out_vec_3_fu_400                                  |  18|   0|   18|          0|
    |out_vec_4_fu_404                                  |  18|   0|   18|          0|
    |out_vec_5_fu_408                                  |  18|   0|   18|          0|
    |out_vec_6_fu_412                                  |  18|   0|   18|          0|
    |out_vec_7_fu_416                                  |  18|   0|   18|          0|
    |out_vec_fu_388                                    |  18|   0|   18|          0|
    |p_B_3247_fu_608                                   |  18|   0|   18|          0|
    |p_B_3345_fu_604                                   |  18|   0|   18|          0|
    |p_B_3443_fu_600                                   |  18|   0|   18|          0|
    |p_B_3541_fu_596                                   |  18|   0|   18|          0|
    |p_B_3639_fu_592                                   |  18|   0|   18|          0|
    |p_B_3737_fu_588                                   |  18|   0|   18|          0|
    |p_B_3835_fu_584                                   |  18|   0|   18|          0|
    |p_B_3933_fu_580                                   |  18|   0|   18|          0|
    |p_C_3231_fu_576                                   |  18|   0|   18|          0|
    |p_C_3329_fu_572                                   |  18|   0|   18|          0|
    |p_C_3427_fu_568                                   |  18|   0|   18|          0|
    |p_C_3525_fu_564                                   |  18|   0|   18|          0|
    |p_C_3623_fu_560                                   |  18|   0|   18|          0|
    |p_C_3721_fu_556                                   |  18|   0|   18|          0|
    |p_C_3819_fu_552                                   |  18|   0|   18|          0|
    |p_C_3917_fu_548                                   |  18|   0|   18|          0|
    |p_delta_3263_fu_640                               |  18|   0|   18|          0|
    |p_delta_3361_fu_636                               |  18|   0|   18|          0|
    |p_delta_3459_fu_632                               |  18|   0|   18|          0|
    |p_delta_3557_fu_628                               |  18|   0|   18|          0|
    |p_delta_3655_fu_624                               |  18|   0|   18|          0|
    |p_delta_3753_fu_620                               |  18|   0|   18|          0|
    |p_delta_3851_fu_616                               |  18|   0|   18|          0|
    |p_delta_3949_fu_612                               |  18|   0|   18|          0|
    |p_x_3215_fu_544                                   |  18|   0|   18|          0|
    |p_x_3313_fu_540                                   |  18|   0|   18|          0|
    |p_x_3411_fu_536                                   |  18|   0|   18|          0|
    |p_x_359_fu_532                                    |  18|   0|   18|          0|
    |p_x_367_fu_528                                    |  18|   0|   18|          0|
    |p_x_375_fu_524                                    |  18|   0|   18|          0|
    |p_x_383_fu_520                                    |  18|   0|   18|          0|
    |p_x_391_fu_516                                    |  18|   0|   18|          0|
    |select_ln21_reg_3412                              |   6|   0|    6|          0|
    |tmp_340_reg_3443                                  |   1|   0|    1|          0|
    |tmp_340_reg_3443_pp0_iter2_reg                    |   1|   0|    1|          0|
    |tmp_342_reg_3456                                  |   1|   0|    1|          0|
    |tmp_346_reg_3518                                  |   1|   0|    1|          0|
    |tmp_347_reg_3530                                  |   1|   0|    1|          0|
    |tmp_348_reg_3535                                  |   1|   0|    1|          0|
    |trunc_ln28_1_reg_3425                             |   3|   0|    3|          0|
    |trunc_ln28_reg_3421                               |   5|   0|    5|          0|
    |trunc_ln33_2_reg_3525                             |  18|   0|   18|          0|
    |y0_reg_3492                                       |  11|   0|   11|          0|
    |y1_reg_3513                                       |  11|   0|   11|          0|
    |c_reg_3487                                        |  64|  32|   18|          0|
    |icmp_ln21_reg_3408                                |  64|  32|    1|          0|
    |icmp_ln28_1_reg_3439                              |  64|  32|    1|          0|
    |icmp_ln31_reg_3435                                |  64|  32|    1|          0|
    |trunc_ln28_1_reg_3425                             |  64|  32|    3|          0|
    |trunc_ln28_reg_3421                               |  64|  32|    5|          0|
    +--------------------------------------------------+----+----+-----+-----------+
    |Total                                             |1500| 192| 1145|          0|
    +--------------------------------------------------+----+----+-----+-----------+



================================================================
== Interface
================================================================
* Summary: 
+-------------------------------------------------------------------+-----+------+------------+----------------------------------------------------------+--------------+
|                             RTL Ports                             | Dir | Bits |  Protocol  |                       Source Object                      |    C Type    |
+-------------------------------------------------------------------+-----+------+------------+----------------------------------------------------------+--------------+
|ap_clk                                                             |   in|     1|  ap_ctrl_hs|                                                 forward.7|  return value|
|ap_rst                                                             |   in|     1|  ap_ctrl_hs|                                                 forward.7|  return value|
|ap_start                                                           |   in|     1|  ap_ctrl_hs|                                                 forward.7|  return value|
|ap_done                                                            |  out|     1|  ap_ctrl_hs|                                                 forward.7|  return value|
|ap_continue                                                        |   in|     1|  ap_ctrl_hs|                                                 forward.7|  return value|
|ap_idle                                                            |  out|     1|  ap_ctrl_hs|                                                 forward.7|  return value|
|ap_ready                                                           |  out|     1|  ap_ctrl_hs|                                                 forward.7|  return value|
|s_ssm_out_din                                                      |  out|   576|     ap_fifo|                                                 s_ssm_out|       pointer|
|s_ssm_out_full_n                                                   |   in|     1|     ap_fifo|                                                 s_ssm_out|       pointer|
|s_ssm_out_write                                                    |  out|     1|     ap_fifo|                                                 s_ssm_out|       pointer|
|s_ssm_out_num_data_valid                                           |   in|    32|     ap_fifo|                                                 s_ssm_out|       pointer|
|s_ssm_out_fifo_cap                                                 |   in|    32|     ap_fifo|                                                 s_ssm_out|       pointer|
|s_params_fwd_dout                                                  |   in|  2304|     ap_fifo|                                              s_params_fwd|       pointer|
|s_params_fwd_empty_n                                               |   in|     1|     ap_fifo|                                              s_params_fwd|       pointer|
|s_params_fwd_read                                                  |  out|     1|     ap_fifo|                                              s_params_fwd|       pointer|
|s_params_fwd_num_data_valid                                        |   in|     5|     ap_fifo|                                              s_params_fwd|       pointer|
|s_params_fwd_fifo_cap                                              |   in|     5|     ap_fifo|                                              s_params_fwd|       pointer|
|forward_int_stream_S6Params_0_stream_PixelVec_0_state_i            |   in|    18|     ap_ovld|     forward_int_stream_S6Params_0_stream_PixelVec_0_state|       pointer|
|forward_int_stream_S6Params_0_stream_PixelVec_0_state_o            |  out|    18|     ap_ovld|     forward_int_stream_S6Params_0_stream_PixelVec_0_state|       pointer|
|forward_int_stream_S6Params_0_stream_PixelVec_0_state_o_ap_vld     |  out|     1|     ap_ovld|     forward_int_stream_S6Params_0_stream_PixelVec_0_state|       pointer|
|forward_int_stream_S6Params_0_stream_PixelVec_0_state_25_i         |   in|    18|     ap_ovld|  forward_int_stream_S6Params_0_stream_PixelVec_0_state_25|       pointer|
|forward_int_stream_S6Params_0_stream_PixelVec_0_state_25_o         |  out|    18|     ap_ovld|  forward_int_stream_S6Params_0_stream_PixelVec_0_state_25|       pointer|
|forward_int_stream_S6Params_0_stream_PixelVec_0_state_25_o_ap_vld  |  out|     1|     ap_ovld|  forward_int_stream_S6Params_0_stream_PixelVec_0_state_25|       pointer|
|forward_int_stream_S6Params_0_stream_PixelVec_0_state_26_i         |   in|    18|     ap_ovld|  forward_int_stream_S6Params_0_stream_PixelVec_0_state_26|       pointer|
|forward_int_stream_S6Params_0_stream_PixelVec_0_state_26_o         |  out|    18|     ap_ovld|  forward_int_stream_S6Params_0_stream_PixelVec_0_state_26|       pointer|
|forward_int_stream_S6Params_0_stream_PixelVec_0_state_26_o_ap_vld  |  out|     1|     ap_ovld|  forward_int_stream_S6Params_0_stream_PixelVec_0_state_26|       pointer|
|forward_int_stream_S6Params_0_stream_PixelVec_0_state_27_i         |   in|    18|     ap_ovld|  forward_int_stream_S6Params_0_stream_PixelVec_0_state_27|       pointer|
|forward_int_stream_S6Params_0_stream_PixelVec_0_state_27_o         |  out|    18|     ap_ovld|  forward_int_stream_S6Params_0_stream_PixelVec_0_state_27|       pointer|
|forward_int_stream_S6Params_0_stream_PixelVec_0_state_27_o_ap_vld  |  out|     1|     ap_ovld|  forward_int_stream_S6Params_0_stream_PixelVec_0_state_27|       pointer|
|forward_int_stream_S6Params_0_stream_PixelVec_0_state_28_i         |   in|    18|     ap_ovld|  forward_int_stream_S6Params_0_stream_PixelVec_0_state_28|       pointer|
|forward_int_stream_S6Params_0_stream_PixelVec_0_state_28_o         |  out|    18|     ap_ovld|  forward_int_stream_S6Params_0_stream_PixelVec_0_state_28|       pointer|
|forward_int_stream_S6Params_0_stream_PixelVec_0_state_28_o_ap_vld  |  out|     1|     ap_ovld|  forward_int_stream_S6Params_0_stream_PixelVec_0_state_28|       pointer|
|forward_int_stream_S6Params_0_stream_PixelVec_0_state_29_i         |   in|    18|     ap_ovld|  forward_int_stream_S6Params_0_stream_PixelVec_0_state_29|       pointer|
|forward_int_stream_S6Params_0_stream_PixelVec_0_state_29_o         |  out|    18|     ap_ovld|  forward_int_stream_S6Params_0_stream_PixelVec_0_state_29|       pointer|
|forward_int_stream_S6Params_0_stream_PixelVec_0_state_29_o_ap_vld  |  out|     1|     ap_ovld|  forward_int_stream_S6Params_0_stream_PixelVec_0_state_29|       pointer|
|forward_int_stream_S6Params_0_stream_PixelVec_0_state_30_i         |   in|    18|     ap_ovld|  forward_int_stream_S6Params_0_stream_PixelVec_0_state_30|       pointer|
|forward_int_stream_S6Params_0_stream_PixelVec_0_state_30_o         |  out|    18|     ap_ovld|  forward_int_stream_S6Params_0_stream_PixelVec_0_state_30|       pointer|
|forward_int_stream_S6Params_0_stream_PixelVec_0_state_30_o_ap_vld  |  out|     1|     ap_ovld|  forward_int_stream_S6Params_0_stream_PixelVec_0_state_30|       pointer|
|forward_int_stream_S6Params_0_stream_PixelVec_0_state_31_i         |   in|    18|     ap_ovld|  forward_int_stream_S6Params_0_stream_PixelVec_0_state_31|       pointer|
|forward_int_stream_S6Params_0_stream_PixelVec_0_state_31_o         |  out|    18|     ap_ovld|  forward_int_stream_S6Params_0_stream_PixelVec_0_state_31|       pointer|
|forward_int_stream_S6Params_0_stream_PixelVec_0_state_31_o_ap_vld  |  out|     1|     ap_ovld|  forward_int_stream_S6Params_0_stream_PixelVec_0_state_31|       pointer|
+-------------------------------------------------------------------+-----+------+------------+----------------------------------------------------------+--------------+

